test
+- run test stderr
  G69 (b) [ReleaseSafe] replaying schedule/5678 UNCHANGED, instrumented
         at RMS before FROZEN end  after acq after sleep | k before k after  births | replay pre replay post
      30096    0.06059    0.13362    0.13428     0.14330 |     645     322     645 |   0.08118   0.01974
      56096    0.07705    0.07705    0.06017     0.03222 |     727     363     405 |   0.07449   0.01250
      82096    0.15771    0.16510    0.15604     6.72213 |     817     408     454 |   0.13965   0.35844
     whole 0.37240, drift+tail 0.77093; the sleep that costs most is #2 at t = 82096, which moves the world RMS 0.15604 -> 6.72213
     POPULATIONS, counted rather than assumed: 645->322 (+645 born) 727->363 (+405 born) 817->408 (+454 born) 
     ACQUISITION, judged against the SAME world: the frozen pre-acquisition model at completion time, beside the acquired one.
       t =  30096  frozen 0.13362 -> acquired 0.13428  (acquisition hurt)
       t =  56096  frozen 0.07705 -> acquired 0.06017  (acquisition HELPED)
       t =  82096  frozen 0.16510 -> acquired 0.15604  (acquisition HELPED)
     fork #2 = half (registered)      whole 0.37240  drift+tail 0.77093  sleeps 3
     fork #2 = skip (parent reference) whole 0.11174  drift+tail 0.15483  sleeps 3
     fork #2 = norefine (linear refit only) whole 0.09896  drift+tail 0.12463  sleeps 3
     fork #2 = guarded (reject a rise) whole 0.09896  drift+tail 0.12463  sleeps 3
     WHAT EACH FORK SEPARATES: `norefine` keeps selection and the LINEAR refit and drops the descent, so a disastrous linear fit is
     distinguished from a disastrous refinement; `guarded` keeps the descent but rejects one ending non-finite or above its starting
     REPLAY loss — the objective the optimiser sees. Current-world probes are diagnostic and never enter the decision.
     the fork's null case reproduces the replay exactly (0.37240), so the two variants differ only in the consolidation
zig build test -Dtest-filter="G69 (b)"  499.72s user 1.15s system 102% cpu 8:08.94 total
EXIT=0
